---
source: rust/bee-roll/tests/real_preview_snapshot.rs
expression: "snapshot_for_artifact(\"8453579B\")?"
---
wav: /Users/amos/bearcove/bee/rust/bee-roll/tests/fixtures/8453579B.wav
expected: There's honestly no reason that it shouldn't work.

feed 01  samples=3200  secs=0.200
lang en
text Oh, yeah.
 0 "Oh"         conf=0.205/0.205 g2p=ˈoʊ phones=ə ʊ zipa=invalid
 1 ","          conf=0.379/0.379 g2p=- phones=- zipa=invalid
 2 " yeah"      conf=0.043/0.043 g2p=ˈji phones=j ɪ zipa=invalid
 3 "."          conf=0.523/0.523 g2p=- phones=- zipa=invalid

feed 02  samples=6400  secs=0.400
lang en
text Oh, yeah.
 0 "Oh"         conf=0.123/0.123 g2p=ˈoʊ phones=ə ʊ zipa=invalid
 1 ","          conf=0.041/0.041 g2p=- phones=- zipa=invalid
 2 " yeah"      conf=0.052/0.052 g2p=ˈji phones=j ɪ zipa=invalid
 3 "."          conf=0.457/0.457 g2p=- phones=- zipa=invalid

feed 03  samples=9600  secs=0.600
lang en
text There are.
 0 "There"      conf=1.037/1.037 g2p=ˈtɛɹ phones=t ɛ zipa=0.392..0.554
 1 " are"       conf=0.212/0.212 g2p=ˈɛɹ phones=ɛ zipa=0.508..0.600
 2 "."          conf=5.322/5.322 g2p=- phones=- zipa=invalid

feed 04  samples=12800  secs=0.800
lang en
text There's honestly.
 0 "There"      conf=1.890/1.890 g2p=ˈθɪɹ phones=θ ɪ zipa=0.378..0.467
 1 "'s"         conf=6.620/6.620 g2p=z phones=z zipa=0.511..0.533
 2 " honestly"  conf=1.232/1.232 g2p=ˈhoʊnəstɫi phones=h ə ʊ n ə s t ɫ ɪ zipa=0.556..0.800
 3 "."          conf=2.905/2.905 g2p=- phones=- zipa=invalid

feed 05  samples=16000  secs=1.000
lang en
text There's honestly no.
 0 "There"      conf=3.902/3.902 g2p=ˈθɪɹ phones=θ ɪ zipa=0.370..0.457
 1 "'s"         conf=8.416/8.416 g2p=z phones=z zipa=0.500..0.522
 2 " honestly"  conf=8.470/8.470 g2p=ˈhoʊnəstɫi phones=h ə ʊ n ə s t ɫ ɪ zipa=0.543..0.870
 3 " no"        conf=8.472/8.472 g2p=ˈnoʊ phones=n ə ʊ zipa=0.891..1.000
 4 "."          conf=4.106/4.106 g2p=- phones=- zipa=invalid

feed 06  samples=19200  secs=1.200
lang en
text There's honestly no reason.
 0 "There"      conf=6.481/6.481 g2p=ˈθɪɹ phones=θ ɪ zipa=0.364..0.450
 1 "'s"         conf=9.159/9.159 g2p=z phones=z zipa=0.493..0.514
 2 " honestly"  conf=11.152/11.152 g2p=ˈhoʊnəstɫi phones=h ə ʊ n ə s t ɫ ɪ zipa=0.557..0.857
 3 " no"        conf=14.076/14.076 g2p=ˈnoʊ phones=n ə ʊ zipa=0.879..1.050
 4 " reason"    conf=10.880/10.880 g2p=ˈɹisən phones=ɹ ɪ s ə n zipa=1.093..1.157
 5 "."          conf=7.243/7.243 g2p=- phones=- zipa=invalid

feed 07  samples=22400  secs=1.400
lang en
text There's honestly no reason that.
 0 "There"      conf=7.080/7.080 g2p=ˈθɪɹ phones=θ ɪ zipa=0.361..0.445
 1 "'s"         conf=8.840/8.840 g2p=z phones=z zipa=0.488..0.509
 2 " honestly"  conf=10.123/10.123 g2p=ˈhoʊnəstɫi phones=h ə ʊ n ə s t ɫ ɪ zipa=0.552..0.848
 3 " no"        conf=14.656/14.656 g2p=ˈnoʊ phones=n ə ʊ zipa=0.870..1.061
 4 " reason"    conf=14.731/14.731 g2p=ˈɹisən phones=ɹ ɪ s ə n zipa=1.082..1.273
 5 " that"      conf=6.723/6.723 g2p=ˈtæt phones=t ɛ t zipa=1.294..1.358
 6 "."          conf=0.210/0.210 g2p=- phones=- zipa=invalid

feed 08  samples=25600  secs=1.600
lang en
text There's honestly no reason that it shouldn't.
 0 "There"      conf=7.080/7.080 g2p=ˈθɪɹ phones=θ ɪ zipa=0.358..0.442
 1 "'s"         conf=8.840/8.840 g2p=z phones=z zipa=0.484..0.505
 2 " honestly"  conf=10.184/10.184 g2p=ˈhoʊnəstɫi phones=h ə ʊ n ə s t ɫ ɪ zipa=0.526..0.842
 3 " no"        conf=15.966/15.966 g2p=ˈnoʊ phones=n ə ʊ zipa=0.884..1.053
 4 " reason"    conf=15.599/15.599 g2p=ˈɹisən phones=ɹ ɪ s ə n zipa=1.074..1.263
 5 " that"      conf=16.056/16.056 g2p=ˈtæt phones=t ɛ t zipa=1.284..1.347
 6 " it"        conf=8.486/8.486 g2p=ˈɪt phones=ɪ t zipa=1.368..1.474
 7 " shouldn"   conf=3.040/3.040 g2p=ˈʃoʊdə phones=ʃ ə ʊ d ə zipa=1.474..1.537
 8 "'t"         conf=8.671/8.671 g2p=nt phones=n t zipa=del@22
 9 "."          conf=3.948/3.948 g2p=- phones=- zipa=invalid

feed 09  samples=28800  secs=1.800
lang en
text There's honestly no reason that it shouldn't work.
 0 "There"      conf=7.080/7.080 g2p=ˈθɪɹ phones=θ ɪ zipa=0.293..0.440
 1 "'s"         conf=8.840/8.840 g2p=z phones=z zipa=0.481..0.502
 2 " honestly"  conf=10.184/10.184 g2p=ˈhoʊnəstɫi phones=h ə ʊ n ə s t ɫ ɪ zipa=0.523..0.837
 3 " no"        conf=15.966/15.966 g2p=ˈnoʊ phones=n ə ʊ zipa=0.879..1.047
 4 " reason"    conf=15.599/15.599 g2p=ˈɹisən phones=ɹ ɪ s ə n zipa=1.067..1.256
 5 " that"      conf=17.935/17.935 g2p=ˈtæt phones=t ɛ t zipa=1.277..1.381
 6 " it"        conf=16.275/16.275 g2p=ˈɪt phones=ɪ t zipa=1.360..1.465
 7 " shouldn"   conf=8.702/8.702 g2p=ˈʃoʊdə phones=ʃ ə ʊ d ə zipa=1.465..1.549
 8 "'t"         conf=11.833/11.833 g2p=nt phones=n t zipa=1.591..1.633
 9 " work"      conf=10.674/10.674 g2p=ˈwɝk phones=w ə k zipa=1.653..1.737
10 "."          conf=11.187/11.187 g2p=- phones=- zipa=invalid

feed 10  samples=32000  secs=2.000
lang en
text There's honestly no reason that it shouldn't work.
 0 "There"      conf=7.080/7.080 g2p=ˈθɪɹ phones=θ ɪ zipa=0.292..0.438
 1 "'s"         conf=8.840/8.840 g2p=z phones=z zipa=0.479..0.500
 2 " honestly"  conf=10.184/10.184 g2p=ˈhoʊnəstɫi phones=h ə ʊ n ə s t ɫ ɪ zipa=0.521..0.833
 3 " no"        conf=15.966/15.966 g2p=ˈnoʊ phones=n ə ʊ zipa=0.875..1.042
 4 " reason"    conf=15.599/15.599 g2p=ˈɹisən phones=ɹ ɪ s ə n zipa=1.062..1.250
 5 " that"      conf=17.935/17.935 g2p=ˈtæt phones=t ɛ t zipa=1.271..1.375
 6 " it"        conf=15.786/15.786 g2p=ˈɪt phones=ɪ t zipa=1.354..1.458
 7 " shouldn"   conf=8.797/8.797 g2p=ˈʃoʊdə phones=ʃ ə ʊ d ə zipa=1.458..1.604
 8 "'t"         conf=12.776/12.776 g2p=nt phones=n t zipa=1.604..1.625
 9 " work"      conf=12.459/12.459 g2p=ˈwɝk phones=w ə k zipa=1.667..1.854
10 "."          conf=11.897/11.897 g2p=- phones=- zipa=invalid

feed 11  samples=35200  secs=2.200
lang en
text There's honestly no reason that it shouldn't work.
 0 "There"      conf=7.080/7.080 g2p=ˈθɪɹ phones=θ ɪ zipa=0.291..0.436
 1 "'s"         conf=8.840/8.840 g2p=z phones=z zipa=0.477..0.498
 2 " honestly"  conf=10.184/10.184 g2p=ˈhoʊnəstɫi phones=h ə ʊ n ə s t ɫ ɪ zipa=0.519..0.830
 3 " no"        conf=15.966/15.966 g2p=ˈnoʊ phones=n ə ʊ zipa=0.872..1.038
 4 " reason"    conf=15.599/15.599 g2p=ˈɹisən phones=ɹ ɪ s ə n zipa=1.058..1.245
 5 " that"      conf=17.935/17.935 g2p=ˈtæt phones=t ɛ t zipa=1.266..1.370
 6 " it"        conf=15.801/15.801 g2p=ˈɪt phones=ɪ t zipa=1.349..1.453
 7 " shouldn"   conf=8.717/8.717 g2p=ˈʃoʊdə phones=ʃ ə ʊ d ə zipa=1.453..1.598
 8 "'t"         conf=16.119/16.119 g2p=nt phones=n t zipa=1.598..1.619
 9 " work"      conf=12.908/12.908 g2p=ˈwɝk phones=w ə k zipa=1.660..1.847
10 "."          conf=11.853/11.853 g2p=- phones=- zipa=invalid

feed 12  samples=38400  secs=2.400
lang en
text There's honestly no reason that it shouldn't work.
 0 "There"      conf=7.080/7.080 g2p=ˈθɪɹ phones=θ ɪ zipa=0.290..0.434
 1 "'s"         conf=8.840/8.840 g2p=z phones=z zipa=0.476..0.497
 2 " honestly"  conf=10.184/10.184 g2p=ˈhoʊnəstɫi phones=h ə ʊ n ə s t ɫ ɪ zipa=0.517..0.828
 3 " no"        conf=15.966/15.966 g2p=ˈnoʊ phones=n ə ʊ zipa=0.869..1.034
 4 " reason"    conf=15.599/15.599 g2p=ˈɹisən phones=ɹ ɪ s ə n zipa=1.055..1.241
 5 " that"      conf=17.935/17.935 g2p=ˈtæt phones=t ɛ t zipa=1.262..1.366
 6 " it"        conf=15.169/15.169 g2p=ˈɪt phones=ɪ t zipa=1.345..1.448
 7 " shouldn"   conf=9.019/9.019 g2p=ˈʃoʊdə phones=ʃ ə ʊ d ə zipa=1.448..1.593
 8 "'t"         conf=14.330/14.330 g2p=nt phones=n t zipa=1.593..1.614
 9 " work"      conf=12.535/12.535 g2p=ˈwɝk phones=w ə k zipa=1.655..1.841
10 "."          conf=10.136/10.136 g2p=- phones=- zipa=invalid

feed 13  samples=41600  secs=2.600
lang en
text There's honestly no reason that it shouldn't work.
 0 "There"      conf=7.080/7.080 g2p=ˈθɪɹ phones=θ ɪ zipa=0.289..0.434
 1 "'s"         conf=8.840/8.840 g2p=z phones=z zipa=0.475..0.496
 2 " honestly"  conf=10.184/10.184 g2p=ˈhoʊnəstɫi phones=h ə ʊ n ə s t ɫ ɪ zipa=0.517..0.827
 3 " no"        conf=15.966/15.966 g2p=ˈnoʊ phones=n ə ʊ zipa=0.868..1.033
 4 " reason"    conf=15.599/15.599 g2p=ˈɹisən phones=ɹ ɪ s ə n zipa=1.054..1.240
 5 " that"      conf=17.935/17.935 g2p=ˈtæt phones=t ɛ t zipa=1.261..1.364
 6 " it"        conf=15.309/15.309 g2p=ˈɪt phones=ɪ t zipa=1.343..1.447
 7 " shouldn"   conf=9.134/9.134 g2p=ˈʃoʊdə phones=ʃ ə ʊ d ə zipa=1.447..1.529
 8 "'t"         conf=16.746/16.746 g2p=nt phones=n t zipa=1.571..1.612
 9 " work"      conf=13.410/13.410 g2p=ˈwɝk phones=w ə k zipa=1.633..1.839
10 "."          conf=11.728/11.728 g2p=- phones=- zipa=invalid
