---
source: rust/bee-roll/tests/real_preview_snapshot.rs
expression: "snapshot_for_artifact(\"1DCE2F4B\")?"
---
wav: /Users/amos/bearcove/bee/rust/bee-roll/tests/fixtures/1DCE2F4B.wav
expected: I asked Copilot to generate comments for you.

feed 01  samples=3200  secs=0.200
lang en
text Oh, oh,
 0 "Oh"         conf=0.875/0.875 g2p=ˈoʊ phones=ə ʊ zipa=invalid
 1 ","          conf=0.201/0.201 g2p=- phones=- zipa=invalid
 2 " oh"        conf=0.031/0.031 g2p=ˈoʊ phones=ə ʊ zipa=invalid
 3 ","          conf=1.693/1.693 g2p=- phones=- zipa=invalid

feed 02  samples=6400  secs=0.400
lang en
text Oh, yeah.
 0 "Oh"         conf=1.010/1.010 g2p=ˈoʊ phones=ə ʊ zipa=invalid
 1 ","          conf=0.206/0.206 g2p=- phones=- zipa=invalid
 2 " yeah"      conf=0.351/0.351 g2p=ˈji phones=j ɪ zipa=invalid
 3 "."          conf=0.557/0.557 g2p=- phones=- zipa=invalid

feed 03  samples=9600  secs=0.600
lang en
text I.
 0 "I"          conf=3.369/3.369 g2p=ˈi phones=ɪ zipa=0.554..0.577
 1 "."          conf=6.576/6.576 g2p=- phones=- zipa=invalid

feed 04  samples=12800  secs=0.800
lang en
text I.
 0 "I"          conf=11.414/11.414 g2p=ˈi phones=ɪ zipa=0.556..0.578
 1 "."          conf=3.111/3.111 g2p=- phones=- zipa=invalid

feed 05  samples=16000  secs=1.000
lang en
text I asked.
 0 "I"          conf=16.862/16.862 g2p=ˈi phones=ɪ zipa=0.609..0.652
 1 " asked"     conf=9.370/9.370 g2p=ˈæskt phones=ɛ s k t zipa=0.717..0.935
 2 "."          conf=9.314/9.314 g2p=- phones=- zipa=invalid

feed 06  samples=19200  secs=1.200
lang en
text I asked.
 0 "I"          conf=16.851/16.851 g2p=ˈi phones=ɪ zipa=0.600..0.643
 1 " asked"     conf=11.825/11.825 g2p=ˈæskt phones=ɛ s k t zipa=0.707..1.007
 2 "."          conf=6.810/6.810 g2p=- phones=- zipa=invalid

feed 07  samples=22400  secs=1.400
lang en
text I asked Cop.
 0 "I"          conf=16.699/16.699 g2p=ˈi phones=ɪ zipa=0.594..0.636
 1 " asked"     conf=11.802/11.802 g2p=ˈæskt phones=ɛ s k t zipa=0.700..0.997
 2 " Cop"       conf=1.256/1.256 g2p=ˈkɑp phones=k ɑ p zipa=1.188..1.400
 3 "."          conf=3.424/3.424 g2p=- phones=- zipa=invalid

feed 08  samples=25600  secs=1.600
lang en
text I asked Copilot.
 0 "I"          conf=15.964/15.964 g2p=ˈi phones=ɪ zipa=0.589..0.632
 1 " asked"     conf=12.095/12.095 g2p=ˈæskt phones=ɛ s k t zipa=0.695..0.989
 2 " Cop"       conf=0.230/0.230 g2p=kɑp phones=k ɑ p zipa=1.179..1.411
 3 "ilot"       conf=8.666/8.666 g2p=əɫɑt phones=ə ɫ ɑ t zipa=1.453..1.558
 4 "."          conf=6.842/6.842 g2p=- phones=- zipa=invalid

feed 09  samples=28800  secs=1.800
lang en
text I asked Copilot.
 0 "I"          conf=15.311/15.311 g2p=ˈi phones=ɪ zipa=0.586..0.628
 1 " asked"     conf=12.422/12.422 g2p=ˈæskt phones=ɛ s k t zipa=0.691..0.984
 2 " Cop"       conf=6.696/6.696 g2p=kɑp phones=k ɑ p zipa=1.172..1.486
 3 "ilot"       conf=9.003/9.003 g2p=əɫɑt phones=ə ɫ ɑ t zipa=1.465..1.716
 4 "."          conf=7.753/7.753 g2p=- phones=- zipa=invalid

feed 10  samples=32000  secs=2.000
lang en
text I asked Copilot to.
 0 "I"          conf=14.744/14.744 g2p=ˈi phones=ɪ zipa=0.583..0.625
 1 " asked"     conf=12.278/12.278 g2p=ˈæskt phones=ɛ s k t zipa=0.688..0.979
 2 " Cop"       conf=6.500/6.500 g2p=kɑp phones=k ɑ p zipa=1.167..1.479
 3 "ilot"       conf=8.791/8.791 g2p=əɫɑt phones=ə ɫ ɑ t zipa=1.458..1.729
 4 " to"        conf=7.846/7.846 g2p=ˈtu phones=t ʊ zipa=1.833..1.958
 5 "."          conf=6.371/6.371 g2p=- phones=- zipa=invalid

feed 11  samples=35200  secs=2.200
lang en
text I asked Copilot to generate.
 0 "I"          conf=15.182/15.182 g2p=ˈi phones=ɪ zipa=0.581..0.623
 1 " asked"     conf=11.895/11.895 g2p=ˈæskt phones=ɛ s k t zipa=0.685..0.975
 2 " Cop"       conf=6.194/6.194 g2p=kɑp phones=k ɑ p zipa=1.162..1.474
 3 "ilot"       conf=8.577/8.577 g2p=əɫɑt phones=ə ɫ ɑ t zipa=1.453..1.723
 4 " to"        conf=14.882/14.882 g2p=ˈtu phones=t ʊ zipa=1.826..1.992
 5 " generate"  conf=5.218/5.218 g2p=ˈdʒɛnɝˌeɪt phones=d ʒ ɛ n ə ɛ ɪ t zipa=2.034..2.158
 6 "."          conf=3.389/3.389 g2p=- phones=- zipa=invalid

feed 12  samples=38400  secs=2.400
lang en
text I asked Copilot to generate.
 0 "I"          conf=14.905/14.905 g2p=ˈi phones=ɪ zipa=0.579..0.621
 1 " asked"     conf=12.491/12.491 g2p=ˈæskt phones=ɛ s k t zipa=0.683..0.972
 2 " Cop"       conf=6.380/6.380 g2p=kɑp phones=k ɑ p zipa=1.159..1.469
 3 "ilot"       conf=8.502/8.502 g2p=əɫɑt phones=ə ɫ ɑ t zipa=1.448..1.717
 4 " to"        conf=16.911/16.911 g2p=ˈtu phones=t ʊ zipa=1.821..1.986
 5 " generate"  conf=14.458/14.458 g2p=ˈdʒɛnɝˌeɪt phones=d ʒ ɛ n ə ɛ ɪ t zipa=2.028..2.359
 6 "."          conf=4.239/4.239 g2p=- phones=- zipa=invalid

feed 13  samples=41600  secs=2.600
lang en
text I asked Copilot to generate comments.
 0 "I"          conf=14.607/14.607 g2p=ˈi phones=ɪ zipa=0.578..0.619
 1 " asked"     conf=12.614/12.614 g2p=ˈæskt phones=ɛ s k t zipa=0.681..0.970
 2 " Cop"       conf=6.441/6.441 g2p=kɑp phones=k ɑ p zipa=1.156..1.465
 3 "ilot"       conf=8.258/8.258 g2p=əɫɑt phones=ə ɫ ɑ t zipa=1.444..1.713
 4 " to"        conf=17.621/17.621 g2p=ˈtu phones=t ʊ zipa=1.816..1.981
 5 " generate"  conf=16.615/16.615 g2p=ˈdʒɛnɝˌeɪt phones=d ʒ ɛ n ə ɛ ɪ t zipa=2.022..2.394
 6 " comments"  conf=5.722/5.722 g2p=ˈkɑmənts phones=k ɑ m ə n t s zipa=2.394..2.600
 7 "."          conf=5.266/5.266 g2p=- phones=- zipa=invalid

feed 14  samples=44800  secs=2.800
lang en
text I asked Copilot to generate comments for.
 0 "I"          conf=14.892/14.892 g2p=ˈi phones=ɪ zipa=0.576..0.618
 1 " asked"     conf=12.567/12.567 g2p=ˈæskt phones=ɛ s k t zipa=0.679..0.968
 2 " Cop"       conf=6.259/6.259 g2p=kɑp phones=k ɑ p zipa=1.153..1.462
 3 "ilot"       conf=8.579/8.579 g2p=əɫɑt phones=ə ɫ ɑ t zipa=1.441..1.709
 4 " to"        conf=16.872/16.872 g2p=ˈtu phones=t ʊ zipa=1.812..1.976
 5 " generate"  conf=17.056/17.056 g2p=ˈdʒɛnɝˌeɪt phones=d ʒ ɛ n ə ɛ ɪ t zipa=2.018..2.388
 6 " comments"  conf=10.174/10.174 g2p=ˈkɑmənts phones=k ɑ m ə n t s zipa=2.388..2.718
 7 " for"       conf=5.368/5.368 g2p=ˈfɔɹ phones=f ɔ zipa=2.718..2.800
 8 "."          conf=4.606/4.606 g2p=- phones=- zipa=invalid

feed 15  samples=48000  secs=3.000
lang en
text I asked Copilot to generate comments for you.
 0 "I"          conf=14.065/14.065 g2p=ˈi phones=ɪ zipa=0.575..0.616
 1 " asked"     conf=12.503/12.503 g2p=ˈæskt phones=ɛ s k t zipa=0.678..0.966
 2 " Cop"       conf=5.879/5.879 g2p=kɑp phones=k ɑ p zipa=1.151..1.459
 3 "ilot"       conf=8.237/8.237 g2p=əɫɑt phones=ə ɫ ɑ t zipa=1.438..1.705
 4 " to"        conf=16.958/16.958 g2p=ˈtu phones=t ʊ zipa=1.808..1.973
 5 " generate"  conf=17.561/17.561 g2p=ˈdʒɛnɝˌeɪt phones=d ʒ ɛ n ə ɛ ɪ t zipa=2.014..2.384
 6 " comments"  conf=9.390/9.390 g2p=ˈkɑmənts phones=k ɑ m ə n t s zipa=2.384..2.733
 7 " for"       conf=19.166/19.166 g2p=ˈfɔɹ phones=f ɔ zipa=2.753..2.856
 8 " you"       conf=13.987/13.987 g2p=ˈju phones=j ʊ zipa=2.877..2.959
 9 "."          conf=10.997/10.997 g2p=- phones=- zipa=invalid

feed 16  samples=51200  secs=3.200
lang en
text I asked Copilot to generate comments for you.
 0 "I"          conf=14.429/14.429 g2p=ˈi phones=ɪ zipa=0.574..0.615
 1 " asked"     conf=12.499/12.499 g2p=ˈæskt phones=ɛ s k t zipa=0.677..0.964
 2 " Cop"       conf=5.605/5.605 g2p=kɑp phones=k ɑ p zipa=1.149..1.456
 3 "ilot"       conf=8.090/8.090 g2p=əɫɑt phones=ə ɫ ɑ t zipa=1.436..1.703
 4 " to"        conf=17.442/17.442 g2p=ˈtu phones=t ʊ zipa=1.805..1.969
 5 " generate"  conf=17.188/17.188 g2p=ˈdʒɛnɝˌeɪt phones=d ʒ ɛ n ə ɛ ɪ t zipa=2.010..2.379
 6 " comments"  conf=9.977/9.977 g2p=ˈkɑmənts phones=k ɑ m ə n t s zipa=2.379..2.728
 7 " for"       conf=19.342/19.342 g2p=ˈfɔɹ phones=f ɔ zipa=2.749..2.872
 8 " you"       conf=14.445/14.445 g2p=ˈju phones=j ʊ zipa=2.872..2.995
 9 "."          conf=10.875/10.875 g2p=- phones=- zipa=invalid

feed 17  samples=54400  secs=3.400
lang en
text I asked Copilot to generate comments for you.
 0 "I"          conf=14.372/14.372 g2p=ˈi phones=ɪ zipa=0.573..0.614
 1 " asked"     conf=12.441/12.441 g2p=ˈæskt phones=ɛ s k t zipa=0.676..0.963
 2 " Cop"       conf=5.723/5.723 g2p=kɑp phones=k ɑ p zipa=1.147..1.454
 3 "ilot"       conf=7.987/7.987 g2p=əɫɑt phones=ə ɫ ɑ t zipa=1.434..1.700
 4 " to"        conf=17.654/17.654 g2p=ˈtu phones=t ʊ zipa=1.802..1.966
 5 " generate"  conf=17.190/17.190 g2p=ˈdʒɛnɝˌeɪt phones=d ʒ ɛ n ə ɛ ɪ t zipa=2.007..2.376
 6 " comments"  conf=10.046/10.046 g2p=ˈkɑmənts phones=k ɑ m ə n t s zipa=2.376..2.724
 7 " for"       conf=19.712/19.712 g2p=ˈfɔɹ phones=f ɔ zipa=2.745..2.847
 8 " you"       conf=14.609/14.609 g2p=ˈju phones=j ʊ zipa=2.867..2.970
 9 "."          conf=10.182/10.182 g2p=- phones=- zipa=invalid

feed 18  samples=57600  secs=3.600
lang en
text I asked Copilot to generate comments for you.
 0 "I"          conf=14.463/14.463 g2p=ˈi phones=ɪ zipa=0.572..0.613
 1 " asked"     conf=12.333/12.333 g2p=ˈæskt phones=ɛ s k t zipa=0.674..0.960
 2 " Cop"       conf=5.442/5.442 g2p=kɑp phones=k ɑ p zipa=1.144..1.451
 3 "ilot"       conf=8.137/8.137 g2p=əɫɑt phones=ə ɫ ɑ t zipa=1.430..1.696
 4 " to"        conf=17.831/17.831 g2p=ˈtu phones=t ʊ zipa=1.798..1.962
 5 " generate"  conf=16.987/16.987 g2p=ˈdʒɛnɝˌeɪt phones=d ʒ ɛ n ə ɛ ɪ t zipa=2.003..2.370
 6 " comments"  conf=9.643/9.643 g2p=ˈkɑmənts phones=k ɑ m ə n t s zipa=2.370..2.718
 7 " for"       conf=19.039/19.039 g2p=ˈfɔɹ phones=f ɔ zipa=2.738..2.840
 8 " you"       conf=14.387/14.387 g2p=ˈju phones=j ʊ zipa=2.861..2.963
 9 "."          conf=9.546/9.546 g2p=- phones=- zipa=invalid
